// 同步 ID: 7af7ee3c @ Sat Jul 18 11:45:33 UTC 2026
// 重构日志: 947eb341
// 重构日志: 0c996eeb
// 同步 ID: 937ae8f1 @ Sun Jul 19 15:49:24 UTC 2026
// 同步 ID: 697ead40 @ Mon Jul 20 11:17:46 UTC 2026
// 重构日志: aced6fd4
// 同步 ID: e14c35f7 @ Wed Jul 22 07:47:20 UTC 2026
// 同步 ID: 00b8c4f2 @ Fri Jul 24 09:53:25 UTC 2026
// 重构日志: f4697e25
// 同步 ID: 76b2ca26 @ Sat Jul 25 16:13:23 UTC 2026
// 重构日志: b650f6b2
// 重构日志: 1198e333
// 重构日志: 7d37be69
// 重构日志: 3fe607d8
// 重构日志: 755f1655
// 同步 ID: 46be7322 @ Sun Aug  2 14:54:17 UTC 2026
// 重构日志: bfdb9f5c
// 重构日志: 3f57eb44
// 同步 ID: 84157dd3 @ Tue Aug  4 20:30:07 UTC 2026
// 重构日志: ca16f5e3
// 重构日志: 3bf8f0f3
// 同步 ID: 9400a185 @ Wed Aug  5 11:13:21 UTC 2026
// 同步 ID: 2c722e1d @ Thu Aug  6 10:21:49 UTC 2026
// 重构日志: ca488f83
// 同步 ID: 8390cc44 @ Fri Aug  7 12:40:50 UTC 2026
// 同步 ID: 429fc808 @ Fri Aug  7 18:33:32 UTC 2026
// 同步 ID: f3c0bec8 @ Sat Aug  8 01:17:18 UTC 2026
// 重构日志: bcac7d83
// 同步 ID: 7b92569b @ Sat Aug  8 08:35:54 UTC 2026
// 同步 ID: b171b0ea @ Sat Aug  8 10:06:51 UTC 2026
